[2026-01-27 17:02:39 -0600] [18133] [INFO] Starting gunicorn 21.2.0
[2026-01-27 17:02:39 -0600] [18133] [INFO] Listening at: http://127.0.0.1:8000 (18133)
[2026-01-27 17:02:39 -0600] [18133] [INFO] Using worker: sync
[2026-01-27 17:02:39 -0600] [18137] [INFO] Booting worker with pid: 18137
[2026-01-27 17:02:39 -0600] [18141] [INFO] Booting worker with pid: 18141
[2026-01-27 17:02:39 -0600] [18142] [INFO] Booting worker with pid: 18142
[2026-01-27 22:35:35 -0600] [18133] [INFO] Handling signal: term
[2026-01-27 22:35:35 -0600] [18142] [INFO] Worker exiting (pid: 18142)
[2026-01-27 22:35:35 -0600] [18141] [INFO] Worker exiting (pid: 18141)
[2026-01-27 22:35:35 -0600] [18137] [INFO] Worker exiting (pid: 18137)
[2026-01-27 22:35:40 -0600] [18133] [INFO] Shutting down: Master
[2026-01-27 22:35:43 -0600] [31054] [INFO] Starting gunicorn 21.2.0
[2026-01-27 22:35:43 -0600] [31054] [INFO] Listening at: http://127.0.0.1:8000 (31054)
[2026-01-27 22:35:43 -0600] [31054] [INFO] Using worker: sync
[2026-01-27 22:35:43 -0600] [31056] [INFO] Booting worker with pid: 31056
[2026-01-27 22:35:43 -0600] [31057] [INFO] Booting worker with pid: 31057
[2026-01-27 22:35:43 -0600] [31058] [INFO] Booting worker with pid: 31058
[2026-02-03 19:08:18 -0600] [9197] [INFO] Booting worker with pid: 9197
[2026-02-03 19:08:18 -0600] [9199] [INFO] Booting worker with pid: 9199
[2026-02-04 18:15:04 -0600] [1163] [INFO] Worker exiting (pid: 1163)
[2026-02-04 18:15:04 -0600] [1161] [INFO] Worker exiting (pid: 1161)
[2026-02-04 18:15:04 -0600] [25502] [INFO] Booting worker with pid: 25502
[2026-02-04 18:15:04 -0600] [1169] [INFO] Worker exiting (pid: 1169)
[2026-02-04 18:15:04 -0600] [25504] [INFO] Booting worker with pid: 25504
[2026-02-04 18:15:04 -0600] [25503] [INFO] Booting worker with pid: 25503
[2026-02-04 18:15:05 -0600] [1023] [ERROR] Worker (pid:1163) was sent SIGTERM!
[2026-02-04 18:15:05 -0600] [1023] [ERROR] Worker (pid:1161) was sent SIGTERM!
[2026-02-04 18:15:05 -0600] [1023] [ERROR] Worker (pid:1169) was sent SIGTERM!
[2026-02-04 18:16:46 -0600] [25975] [INFO] Starting gunicorn 21.2.0
[2026-02-04 18:16:46 -0600] [25975] [INFO] Listening at: http://127.0.0.1:8000 (25975)
[2026-02-04 18:16:46 -0600] [25975] [INFO] Using worker: sync
[2026-02-04 18:16:46 -0600] [25977] [INFO] Booting worker with pid: 25977
[2026-02-04 18:16:46 -0600] [25978] [INFO] Booting worker with pid: 25978
[2026-02-04 18:16:46 -0600] [25979] [INFO] Booting worker with pid: 25979
[2026-02-04 18:16:50 -0600] [26068] [INFO] Starting gunicorn 21.2.0
[2026-02-04 18:16:50 -0600] [26068] [ERROR] Connection in use: ('127.0.0.1', 8000)
[2026-02-04 18:16:50 -0600] [26068] [ERROR] Retrying in 1 second.
[2026-02-04 18:16:51 -0600] [26068] [ERROR] Connection in use: ('127.0.0.1', 8000)
[2026-02-04 18:16:51 -0600] [26068] [ERROR] Retrying in 1 second.
[2026-02-04 18:16:52 -0600] [26068] [ERROR] Connection in use: ('127.0.0.1', 8000)
[2026-02-04 18:16:52 -0600] [26068] [ERROR] Retrying in 1 second.
[2026-02-04 18:16:53 -0600] [26068] [ERROR] Connection in use: ('127.0.0.1', 8000)
[2026-02-04 18:16:53 -0600] [26068] [ERROR] Retrying in 1 second.
[2026-02-04 18:16:54 -0600] [26068] [ERROR] Connection in use: ('127.0.0.1', 8000)
[2026-02-04 18:16:54 -0600] [26068] [ERROR] Retrying in 1 second.
[2026-02-04 18:16:56 -0600] [26068] [ERROR] Can't connect to ('127.0.0.1', 8000)
