2026-01-27T18:27:25: 
2026-01-27T18:27:25: > adminapps-frontend@1.0.0 dev
2026-01-27T18:27:25: > vite --host 0.0.0.0 --port 3000
2026-01-27T18:27:25: 
2026-01-27T18:27:25: 
2026-01-27T18:27:25:   VITE v7.3.1  ready in 389 ms
2026-01-27T18:27:25: 
2026-01-27T18:27:25:   ➜  Local:   http://localhost:3000/
2026-01-27T18:27:25:   ➜  Network: http://192.168.100.100:3000/
2026-01-27T18:27:25: (node:21420) [MODULE_TYPELESS_PACKAGE_JSON] Warning: Module type of file:///home/aplicacion/projects/adminapps/frontend/postcss.config.js?t=1769560045681 is not specified and it doesn't parse as CommonJS.
2026-01-27T18:27:25: Reparsing as ES module because module syntax was detected. This incurs a performance overhead.
2026-01-27T18:27:25: To eliminate this warning, add "type": "module" to /home/aplicacion/projects/adminapps/frontend/package.json.
2026-01-27T18:27:25: (Use `node --trace-warnings ...` to show where the warning was created)
2026-01-27T19:04:27: 
2026-01-27T19:04:27: > adminapps-frontend@1.0.0 dev
2026-01-27T19:04:27: > vite --host 0.0.0.0 --port 3000
2026-01-27T19:04:27: 
2026-01-27T19:04:28: 
2026-01-27T19:04:28:   VITE v7.3.1  ready in 359 ms
2026-01-27T19:04:28: 
2026-01-27T19:04:28:   ➜  Local:   http://localhost:3000/
2026-01-27T19:04:28:   ➜  Network: http://192.168.100.100:3000/
2026-01-27T22:09:58: 10:09:58 p. m. [vite] vite.config.js changed, restarting server...
2026-01-27T22:09:58: 10:09:58 p. m. [vite] server restarted.
2026-01-27T22:10:18: 
2026-01-27T22:10:18: > adminapps-frontend@1.0.0 dev
2026-01-27T22:10:18: > vite --host 0.0.0.0 --port 3000
2026-01-27T22:10:18: 
2026-01-27T22:10:20: 
2026-01-27T22:10:20:   VITE v7.3.1  ready in 1473 ms
2026-01-27T22:10:20: 
2026-01-27T22:10:20:   ➜  Local:   http://localhost:3000/
2026-01-27T22:10:20:   ➜  Network: http://192.168.100.100:3000/
2026-02-04T18:10:23: 
2026-02-04T18:10:23: > adminapps-frontend@1.0.0 dev
2026-02-04T18:10:23: > vite --host 0.0.0.0 --port 3000
2026-02-04T18:10:23: 
2026-02-04T18:10:24: 
2026-02-04T18:10:24:   VITE v7.3.1  ready in 737 ms
2026-02-04T18:10:24: 
2026-02-04T18:10:24:   ➜  Local:   http://localhost:3000/
2026-02-04T18:10:24:   ➜  Network: http://192.168.100.100:3000/
2026-02-04T18:28:51: 6:28:51 p. m. [vite] (client) page reload index.html
2026-02-04T18:28:57: 6:28:57 p. m. [vite] (client) page reload index.html
2026-02-04T18:29:15: 6:29:15 p. m. [vite] (client) page reload index.html
2026-02-04T18:29:30: 6:29:30 p. m. [vite] (client) page reload index.html
